src/components/contacts/ContactSelector.tsx(106,44): error TS2339: Property 'id' does not exist on type 'Contact'.
